INFO:root:Starting fb_write_birthday
INFO:root:Finished fb_write_birthdayXXX
INFO:root: Starting fb_write_birthday
INFO:root: Finished fb_write_birthday
INFO:root: Starting fb_write_birthday
INFO:root: Finished fb_write_birthday
INFO:root: Starting fb_write_birthday
INFO:root:10/20/11--DID NOT WRITE Meredith Morgan:Already written

INFO:root: Finished fb_write_birthday
INFO:root: Starting fb_write_birthday
INFO:root:10/20/11--DID NOT WRITE Meredith Morgan:Already written
INFO:root: Finished fb_write_birthday
INFO:root: Starting fb_write_birthday
INFO:root:10/20/11--DID NOT WRITE Meredith Morgan : Already written
INFO:root: Finished fb_write_birthday
2011-10-20 22:44:21,058  Starting fb_write_birthday
2011-10-20 22:44:21,082 10/20/11--DID NOT WRITE Meredith Morgan : Already written
2011-10-20 22:44:21,082  Finished fb_write_birthday
2011-10-20 22:45:45,915 : Starting fb_write_birthday
2011-10-20 22:45:45,928 : DID NOT WRITE Meredith Morgan : Already written
2011-10-20 22:45:45,928 : Finished fb_write_birthday
2011-10-21 00:00:38,151 : Starting fb_write_birthday
2011-10-21 00:00:38,196 : Finished fb_write_birthday
2011-10-21 00:06:03,578 : Starting fb_write_birthday
2011-10-21 00:06:03,591 : DID NOT WRITE Brian Stoller : Already written
2011-10-21 00:06:03,591 : Finished fb_write_birthday
2011-10-21 20:15:03,707 : Starting fb_write_birthday
2011-10-21 20:15:03,746 : DID NOT WRITE Brian Stoller : Already written
2011-10-21 20:15:03,747 : Finished fb_write_birthday
2011-10-21 20:15:22,830 : Starting fb_write_birthday
2011-10-21 20:15:22,884 : Wrote To Brian Stoller
2011-10-21 20:16:08,823 : Starting fb_write_birthday
2011-10-21 20:16:08,965 : Wrote To Brian Stoller
2011-10-21 20:17:12,440 : Starting fb_write_birthday
2011-10-21 20:17:12,485 : Wrote To Brian Stoller
2011-10-21 20:17:30,739 : Starting fb_write_birthday
2011-10-21 20:17:30,783 : Wrote To Brian Stoller
2011-10-21 20:17:32,885 : Finished fb_write_birthday
2011-10-21 20:18:33,290 : Starting fb_write_birthday
2011-10-21 20:18:33,338 : Wrote To Brian Stoller
2011-10-21 20:18:47,839 : Starting fb_write_birthday
2011-10-21 20:18:47,887 : Wrote To Brian Stoller
2011-10-21 20:18:48,742 : Finished fb_write_birthday
2011-10-22 00:47:30,200 : Starting fb_write_birthday
2011-10-22 00:47:30,201 : Finished fb_write_birthday
2011-10-22 00:48:47,837 : Starting fb_write_birthday
2011-10-22 00:50:05,011 : Starting fb_write_birthday
2011-10-22 00:50:11,871 : Finished fb_write_birthday
2011-10-22 00:53:05,363 : Starting fb_write_birthday
2011-10-22 00:53:05,382 : Finished fb_write_birthday
2011-10-22 00:53:55,398 : Starting fb_write_birthday
2011-10-22 00:53:55,422 : Finished fb_write_birthday
2011-10-23 15:40:35,532 : Starting fb_write_birthday
2011-10-23 15:40:35,551 : Finished fb_write_birthday
2011-10-23 15:42:41,045 : Starting fb_write_birthday
2011-10-23 15:42:41,062 : Finished fb_write_birthday
2011-10-24 10:25:38,236 : Starting fb_write_birthday
2011-10-24 10:25:38,314 : Wrote To Patrick Michael Malloy
2011-10-24 10:25:39,081 : Finished fb_write_birthday
2011-10-24 10:35:41,730 : Starting fb_write_birthday
2011-10-24 10:35:41,773 : Wrote To Patrick Michael Malloy
2011-10-24 10:35:42,374 : Finished fb_write_birthday
2011-10-25 14:34:43,729 : Starting fb_write_birthday
2011-10-25 14:34:43,748 : Finished fb_write_birthday
2011-10-25 14:34:46,175 : Starting fb_write_birthday
2011-10-25 14:34:46,197 : Finished fb_write_birthday
2011-10-25 14:36:06,146 : Starting fb_write_birthday
2011-10-25 14:36:06,169 : Finished fb_write_birthday
2011-10-25 14:37:01,530 : Starting fb_write_birthday
2011-10-25 14:37:01,530 : Finished fb_write_birthday
